Copyright 1986-2022 Xilinx, Inc. All Rights Reserved. Copyright 2022-2025 Advanced Micro Devices, Inc. All Rights Reserved.
--------------------------------------------------------------------------------------------------------------------------------------------------
| Tool Version : Vivado v.2025.2 (win64) Build 6299465 Fri Nov 14 19:35:11 GMT 2025
| Date         : Thu Jun 18 22:49:30 2026
| Host         : devot-soul-to-hw running 64-bit major release  (build 9200)
| Command      : report_timing_summary -delay_type max -max_paths 8 -file C:/work/github/RV32-FullStack/verification/npu_scale16/timing_npu16.rpt
| Design       : npu_top16
| Device       : 7z020-clg400
| Speed File   : -1  PRODUCTION 1.12 2019-11-22
| Design State : Synthesized
--------------------------------------------------------------------------------------------------------------------------------------------------

Timing Summary Report

------------------------------------------------------------------------------------------------
| Timer Settings
| --------------
------------------------------------------------------------------------------------------------

  Enable Multi Corner Analysis               :  Yes
  Enable Pessimism Removal                   :  Yes
  Pessimism Removal Resolution               :  Nearest Common Node
  Enable Input Delay Default Clock           :  No
  Enable Preset / Clear Arcs                 :  No
  Disable Flight Delays                      :  No
  Ignore I/O Paths                           :  No
  Timing Early Launch at Borrowing Latches   :  No
  Borrow Time for Max Delay Exceptions       :  Yes
  Merge Timing Exceptions                    :  Yes
  Inter-SLR Compensation                     :  Conservative

  Corner  Analyze    Analyze    
  Name    Max Paths  Min Paths  
  ------  ---------  ---------  
  Slow    Yes        Yes        
  Fast    Yes        Yes        


------------------------------------------------------------------------------------------------
| Report Methodology
| ------------------
------------------------------------------------------------------------------------------------

No report available as report_methodology has not been run prior. Run report_methodology on the current design for the summary of methodology violations.



check_timing report

Table of Contents
-----------------
1. checking no_clock (0)
2. checking constant_clock (0)
3. checking pulse_width_clock (0)
4. checking unconstrained_internal_endpoints (0)
5. checking no_input_delay (45)
6. checking no_output_delay (32)
7. checking multiple_clock (0)
8. checking generated_clocks (0)
9. checking loops (0)
10. checking partial_input_delay (0)
11. checking partial_output_delay (0)
12. checking latch_loops (0)

1. checking no_clock (0)
------------------------
 There are 0 register/latch pins with no clock.


2. checking constant_clock (0)
------------------------------
 There are 0 register/latch pins with constant_clock.


3. checking pulse_width_clock (0)
---------------------------------
 There are 0 register/latch pins which need pulse_width check


4. checking unconstrained_internal_endpoints (0)
------------------------------------------------
 There are 0 pins that are not constrained for maximum delay.

 There are 0 pins that are not constrained for maximum delay due to constant clock.


5. checking no_input_delay (45)
-------------------------------
 There are 45 input ports with no input delay specified. (HIGH)

 There are 0 input ports with no input delay but user has a false path constraint.


6. checking no_output_delay (32)
--------------------------------
 There are 32 ports with no output delay specified. (HIGH)

 There are 0 ports with no output delay but user has a false path constraint

 There are 0 ports with no output delay but with a timing clock defined on it or propagating through it


7. checking multiple_clock (0)
------------------------------
 There are 0 register/latch pins with multiple clocks.


8. checking generated_clocks (0)
--------------------------------
 There are 0 generated clocks that are not connected to a clock source.


9. checking loops (0)
---------------------
 There are 0 combinational loops in the design.


10. checking partial_input_delay (0)
------------------------------------
 There are 0 input ports with partial input delay specified.


11. checking partial_output_delay (0)
-------------------------------------
 There are 0 ports with partial output delay specified.


12. checking latch_loops (0)
----------------------------
 There are 0 combinational latch loops in the design through latch input



------------------------------------------------------------------------------------------------
| Design Timing Summary
| ---------------------
------------------------------------------------------------------------------------------------

    WNS(ns)      TNS(ns)  TNS Failing Endpoints  TNS Total Endpoints     WPWS(ns)     TPWS(ns)  TPWS Failing Endpoints  TPWS Total Endpoints  
    -------      -------  ---------------------  -------------------     --------     --------  ----------------------  --------------------  
      8.344        0.000                      0                19107        8.750        0.000                       0                  3880  


All user specified timing constraints are met.


------------------------------------------------------------------------------------------------
| Clock Summary
| -------------
------------------------------------------------------------------------------------------------

Clock  Waveform(ns)       Period(ns)      Frequency(MHz)
-----  ------------       ----------      --------------
clk    {0.000 10.000}     20.000          50.000          


------------------------------------------------------------------------------------------------
| Intra Clock Table
| -----------------
------------------------------------------------------------------------------------------------

Clock             WNS(ns)      TNS(ns)  TNS Failing Endpoints  TNS Total Endpoints     WPWS(ns)     TPWS(ns)  TPWS Failing Endpoints  TPWS Total Endpoints  
-----             -------      -------  ---------------------  -------------------     --------     --------  ----------------------  --------------------  
clk                 8.344        0.000                      0                19107        8.750        0.000                       0                  3880  


------------------------------------------------------------------------------------------------
| Inter Clock Table
| -----------------
------------------------------------------------------------------------------------------------

From Clock    To Clock          WNS(ns)      TNS(ns)  TNS Failing Endpoints  TNS Total Endpoints  
----------    --------          -------      -------  ---------------------  -------------------  


------------------------------------------------------------------------------------------------
| Other Path Groups Table
| -----------------------
------------------------------------------------------------------------------------------------

Path Group    From Clock    To Clock          WNS(ns)      TNS(ns)  TNS Failing Endpoints  TNS Total Endpoints  
----------    ----------    --------          -------      -------  ---------------------  -------------------  


------------------------------------------------------------------------------------------------
| Timing Details
| --------------
------------------------------------------------------------------------------------------------


---------------------------------------------------------------------------------------------------
From Clock:  clk
  To Clock:  clk

Setup :            0  Failing Endpoints,  Worst Slack        8.344ns,  Total Violation        0.000ns
Hold  :           NA  Failing Endpoints,  Worst Slack           NA  ,  Total Violation           NA
PW    :            0  Failing Endpoints,  Worst Slack        8.750ns,  Total Violation        0.000ns
---------------------------------------------------------------------------------------------------


Max Delay Paths
--------------------------------------------------------------------------------------
Slack (MET) :             8.344ns  (required time - arrival time)
  Source:                 u_npu/t_reg[1]_rep/C
                            (rising edge-triggered cell FDRE clocked by clk  {rise@0.000ns fall@10.000ns period=20.000ns})
  Destination:            u_npu/u_array/gen_row[15].gen_col[0].u_pe/p_reg[29]/D
                            (rising edge-triggered cell FDRE clocked by clk  {rise@0.000ns fall@10.000ns period=20.000ns})
  Path Group:             clk
  Path Type:              Setup (Max at Slow Process Corner)
  Requirement:            20.000ns  (clk rise@20.000ns - clk rise@0.000ns)
  Data Path Delay:        11.681ns  (logic 5.625ns (48.155%)  route 6.056ns (51.845%))
  Logic Levels:           17  (CARRY4=9 LUT2=2 LUT3=2 LUT4=2 LUT6=2)
  Clock Path Skew:        -0.049ns (DCD - SCD + CPR)
    Destination Clock Delay (DCD):    0.924ns = ( 20.924 - 20.000 ) 
    Source Clock Delay      (SCD):    0.973ns
    Clock Pessimism Removal (CPR):    0.000ns
  Clock Uncertainty:      0.035ns  ((TSJ^2 + TIJ^2)^1/2 + DJ) / 2 + PE
    Total System Jitter     (TSJ):    0.071ns
    Total Input Jitter      (TIJ):    0.000ns
    Discrete Jitter          (DJ):    0.000ns
    Phase Error              (PE):    0.000ns

    Location             Delay type                Incr(ns)  Path(ns)    Netlist Resource(s)
  -------------------------------------------------------------------    -------------------
                         (clock clk rise edge)        0.000     0.000 r  
                                                      0.000     0.000 r  clk (IN)
                         net (fo=3879, unset)         0.973     0.973    u_npu/clk
                         FDRE                                         r  u_npu/t_reg[1]_rep/C
  -------------------------------------------------------------------    -------------------
                         FDRE (Prop_fdre_C_Q)         0.518     1.491 r  u_npu/t_reg[1]_rep/Q
                         net (fo=118, unplaced)       0.845     2.336    u_npu/u_array/gen_row[15].gen_col[0].u_pe/t_reg[5][0]
                         LUT4 (Prop_lut4_I1_O)        0.295     2.631 r  u_npu/u_array/gen_row[15].gen_col[0].u_pe/t[7]_i_2/O
                         net (fo=7, unplaced)         0.484     3.115    u_npu/u_array/gen_row[15].gen_col[0].u_pe/t_reg[3]
                         LUT6 (Prop_lut6_I3_O)        0.124     3.239 r  u_npu/u_array/gen_row[15].gen_col[0].u_pe/b_r[7]_i_10__13/O
                         net (fo=1, unplaced)         0.473     3.712    u_npu/u_array/gen_row[15].gen_col[0].u_pe/b_r[7]_i_10__13_n_0
                         CARRY4 (Prop_carry4_DI[3]_CO[3])
                                                      0.396     4.108 r  u_npu/u_array/gen_row[15].gen_col[0].u_pe/b_r_reg[7]_i_6/CO[3]
                         net (fo=1, unplaced)         0.009     4.117    u_npu/u_array/gen_row[15].gen_col[0].u_pe/b_r_reg[7]_i_6_n_0
                         CARRY4 (Prop_carry4_CI_CO[1])
                                                      0.179     4.296 r  u_npu/u_array/gen_row[15].gen_col[0].u_pe/b_r_reg[7]_i_4__3/CO[1]
                         net (fo=1, unplaced)         0.312     4.608    u_npu/u_array/gen_row[15].gen_col[0].u_pe/a_west285_in
                         LUT3 (Prop_lut3_I2_O)        0.332     4.940 r  u_npu/u_array/gen_row[15].gen_col[0].u_pe/b_r[7]_i_2__5/O
                         net (fo=56, unplaced)        0.534     5.474    u_npu/u_array/gen_row[15].gen_col[0].u_pe/a_west186_out
                         LUT2 (Prop_lut2_I0_O)        0.116     5.590 r  u_npu/u_array/gen_row[15].gen_col[0].u_pe/p1__0_carry_i_8__33/O
                         net (fo=10, unplaced)        0.945     6.535    u_npu/u_array/gen_row[14].gen_col[0].u_pe/a_west[2]
                         LUT6 (Prop_lut6_I1_O)        0.124     6.659 r  u_npu/u_array/gen_row[14].gen_col[0].u_pe/p1__0_carry__0_i_3__19/O
                         net (fo=2, unplaced)         0.650     7.309    u_npu/u_array/gen_row[15].gen_col[0].u_pe/p1__86_carry_i_8__19_0[1]
                         CARRY4 (Prop_carry4_DI[1]_O[3])
                                                      0.629     7.938 r  u_npu/u_array/gen_row[15].gen_col[0].u_pe/p1__0_carry__0/O[3]
                         net (fo=2, unplaced)         0.629     8.567    u_npu/u_array/gen_row[15].gen_col[0].u_pe/p1__0_carry__0_n_4
                         LUT3 (Prop_lut3_I2_O)        0.302     8.869 r  u_npu/u_array/gen_row[15].gen_col[0].u_pe/p1__86_carry__0_i_4__19/O
                         net (fo=2, unplaced)         0.485     9.354    u_npu/u_array/gen_row[15].gen_col[0].u_pe/p1__86_carry__0_i_4__19_n_0
                         LUT4 (Prop_lut4_I3_O)        0.355     9.709 r  u_npu/u_array/gen_row[15].gen_col[0].u_pe/p1__86_carry__0_i_8__19/O
                         net (fo=1, unplaced)         0.000     9.709    u_npu/u_array/gen_row[15].gen_col[0].u_pe/p1__86_carry__0_i_8__19_n_0
                         CARRY4 (Prop_carry4_S[0]_CO[3])
                                                      0.513    10.222 r  u_npu/u_array/gen_row[15].gen_col[0].u_pe/p1__86_carry__0/CO[3]
                         net (fo=1, unplaced)         0.000    10.222    u_npu/u_array/gen_row[15].gen_col[0].u_pe/p1__86_carry__0_n_0
                         CARRY4 (Prop_carry4_CI_O[3])
                                                      0.331    10.553 r  u_npu/u_array/gen_row[15].gen_col[0].u_pe/p1__86_carry__1/O[3]
                         net (fo=33, unplaced)        0.690    11.243    u_npu/u_array/gen_row[14].gen_col[0].u_pe/p_reg[15]_6[3]
                         LUT2 (Prop_lut2_I0_O)        0.307    11.550 r  u_npu/u_array/gen_row[14].gen_col[0].u_pe/p[16]_i_4__19/O
                         net (fo=1, unplaced)         0.000    11.550    u_npu/u_array/gen_row[14].gen_col[0].u_pe/p[16]_i_4__19_n_0
                         CARRY4 (Prop_carry4_S[1]_CO[3])
                                                      0.533    12.083 r  u_npu/u_array/gen_row[14].gen_col[0].u_pe/p_reg[16]_i_1__19/CO[3]
                         net (fo=1, unplaced)         0.000    12.083    u_npu/u_array/gen_row[14].gen_col[0].u_pe/p_reg[16]_i_1__19_n_0
                         CARRY4 (Prop_carry4_CI_CO[3])
                                                      0.117    12.200 r  u_npu/u_array/gen_row[14].gen_col[0].u_pe/p_reg[20]_i_1__19/CO[3]
                         net (fo=1, unplaced)         0.000    12.200    u_npu/u_array/gen_row[14].gen_col[0].u_pe/p_reg[20]_i_1__19_n_0
                         CARRY4 (Prop_carry4_CI_CO[3])
                                                      0.117    12.317 r  u_npu/u_array/gen_row[14].gen_col[0].u_pe/p_reg[24]_i_1__19/CO[3]
                         net (fo=1, unplaced)         0.000    12.317    u_npu/u_array/gen_row[14].gen_col[0].u_pe/p_reg[24]_i_1__19_n_0
                         CARRY4 (Prop_carry4_CI_O[1])
                                                      0.337    12.654 r  u_npu/u_array/gen_row[14].gen_col[0].u_pe/p_reg[28]_i_1__19/O[1]
                         net (fo=1, unplaced)         0.000    12.654    u_npu/u_array/gen_row[15].gen_col[0].u_pe/p_reg[31]_1[1]
                         FDRE                                         r  u_npu/u_array/gen_row[15].gen_col[0].u_pe/p_reg[29]/D
  -------------------------------------------------------------------    -------------------

                         (clock clk rise edge)       20.000    20.000 r  
                                                      0.000    20.000 r  clk (IN)
                         net (fo=3879, unset)         0.924    20.924    u_npu/u_array/gen_row[15].gen_col[0].u_pe/clk
                         FDRE                                         r  u_npu/u_array/gen_row[15].gen_col[0].u_pe/p_reg[29]/C
                         clock pessimism              0.000    20.924    
                         clock uncertainty           -0.035    20.889    
                         FDRE (Setup_fdre_C_D)        0.109    20.998    u_npu/u_array/gen_row[15].gen_col[0].u_pe/p_reg[29]
  -------------------------------------------------------------------
                         required time                         20.998    
                         arrival time                         -12.654    
  -------------------------------------------------------------------
                         slack                                  8.344    

Slack (MET) :             8.350ns  (required time - arrival time)
  Source:                 u_npu/t_reg[1]_rep/C
                            (rising edge-triggered cell FDRE clocked by clk  {rise@0.000ns fall@10.000ns period=20.000ns})
  Destination:            u_npu/u_array/gen_row[15].gen_col[0].u_pe/p_reg[31]/D
                            (rising edge-triggered cell FDRE clocked by clk  {rise@0.000ns fall@10.000ns period=20.000ns})
  Path Group:             clk
  Path Type:              Setup (Max at Slow Process Corner)
  Requirement:            20.000ns  (clk rise@20.000ns - clk rise@0.000ns)
  Data Path Delay:        11.675ns  (logic 5.619ns (48.128%)  route 6.056ns (51.872%))
  Logic Levels:           17  (CARRY4=9 LUT2=2 LUT3=2 LUT4=2 LUT6=2)
  Clock Path Skew:        -0.049ns (DCD - SCD + CPR)
    Destination Clock Delay (DCD):    0.924ns = ( 20.924 - 20.000 ) 
    Source Clock Delay      (SCD):    0.973ns
    Clock Pessimism Removal (CPR):    0.000ns
  Clock Uncertainty:      0.035ns  ((TSJ^2 + TIJ^2)^1/2 + DJ) / 2 + PE
    Total System Jitter     (TSJ):    0.071ns
    Total Input Jitter      (TIJ):    0.000ns
    Discrete Jitter          (DJ):    0.000ns
    Phase Error              (PE):    0.000ns

    Location             Delay type                Incr(ns)  Path(ns)    Netlist Resource(s)
  -------------------------------------------------------------------    -------------------
                         (clock clk rise edge)        0.000     0.000 r  
                                                      0.000     0.000 r  clk (IN)
                         net (fo=3879, unset)         0.973     0.973    u_npu/clk
                         FDRE                                         r  u_npu/t_reg[1]_rep/C
  -------------------------------------------------------------------    -------------------
                         FDRE (Prop_fdre_C_Q)         0.518     1.491 r  u_npu/t_reg[1]_rep/Q
                         net (fo=118, unplaced)       0.845     2.336    u_npu/u_array/gen_row[15].gen_col[0].u_pe/t_reg[5][0]
                         LUT4 (Prop_lut4_I1_O)        0.295     2.631 r  u_npu/u_array/gen_row[15].gen_col[0].u_pe/t[7]_i_2/O
                         net (fo=7, unplaced)         0.484     3.115    u_npu/u_array/gen_row[15].gen_col[0].u_pe/t_reg[3]
                         LUT6 (Prop_lut6_I3_O)        0.124     3.239 r  u_npu/u_array/gen_row[15].gen_col[0].u_pe/b_r[7]_i_10__13/O
                         net (fo=1, unplaced)         0.473     3.712    u_npu/u_array/gen_row[15].gen_col[0].u_pe/b_r[7]_i_10__13_n_0
                         CARRY4 (Prop_carry4_DI[3]_CO[3])
                                                      0.396     4.108 r  u_npu/u_array/gen_row[15].gen_col[0].u_pe/b_r_reg[7]_i_6/CO[3]
                         net (fo=1, unplaced)         0.009     4.117    u_npu/u_array/gen_row[15].gen_col[0].u_pe/b_r_reg[7]_i_6_n_0
                         CARRY4 (Prop_carry4_CI_CO[1])
                                                      0.179     4.296 r  u_npu/u_array/gen_row[15].gen_col[0].u_pe/b_r_reg[7]_i_4__3/CO[1]
                         net (fo=1, unplaced)         0.312     4.608    u_npu/u_array/gen_row[15].gen_col[0].u_pe/a_west285_in
                         LUT3 (Prop_lut3_I2_O)        0.332     4.940 r  u_npu/u_array/gen_row[15].gen_col[0].u_pe/b_r[7]_i_2__5/O
                         net (fo=56, unplaced)        0.534     5.474    u_npu/u_array/gen_row[15].gen_col[0].u_pe/a_west186_out
                         LUT2 (Prop_lut2_I0_O)        0.116     5.590 r  u_npu/u_array/gen_row[15].gen_col[0].u_pe/p1__0_carry_i_8__33/O
                         net (fo=10, unplaced)        0.945     6.535    u_npu/u_array/gen_row[14].gen_col[0].u_pe/a_west[2]
                         LUT6 (Prop_lut6_I1_O)        0.124     6.659 r  u_npu/u_array/gen_row[14].gen_col[0].u_pe/p1__0_carry__0_i_3__19/O
                         net (fo=2, unplaced)         0.650     7.309    u_npu/u_array/gen_row[15].gen_col[0].u_pe/p1__86_carry_i_8__19_0[1]
                         CARRY4 (Prop_carry4_DI[1]_O[3])
                                                      0.629     7.938 r  u_npu/u_array/gen_row[15].gen_col[0].u_pe/p1__0_carry__0/O[3]
                         net (fo=2, unplaced)         0.629     8.567    u_npu/u_array/gen_row[15].gen_col[0].u_pe/p1__0_carry__0_n_4
                         LUT3 (Prop_lut3_I2_O)        0.302     8.869 r  u_npu/u_array/gen_row[15].gen_col[0].u_pe/p1__86_carry__0_i_4__19/O
                         net (fo=2, unplaced)         0.485     9.354    u_npu/u_array/gen_row[15].gen_col[0].u_pe/p1__86_carry__0_i_4__19_n_0
                         LUT4 (Prop_lut4_I3_O)        0.355     9.709 r  u_npu/u_array/gen_row[15].gen_col[0].u_pe/p1__86_carry__0_i_8__19/O
                         net (fo=1, unplaced)         0.000     9.709    u_npu/u_array/gen_row[15].gen_col[0].u_pe/p1__86_carry__0_i_8__19_n_0
                         CARRY4 (Prop_carry4_S[0]_CO[3])
                                                      0.513    10.222 r  u_npu/u_array/gen_row[15].gen_col[0].u_pe/p1__86_carry__0/CO[3]
                         net (fo=1, unplaced)         0.000    10.222    u_npu/u_array/gen_row[15].gen_col[0].u_pe/p1__86_carry__0_n_0
                         CARRY4 (Prop_carry4_CI_O[3])
                                                      0.331    10.553 r  u_npu/u_array/gen_row[15].gen_col[0].u_pe/p1__86_carry__1/O[3]
                         net (fo=33, unplaced)        0.690    11.243    u_npu/u_array/gen_row[14].gen_col[0].u_pe/p_reg[15]_6[3]
                         LUT2 (Prop_lut2_I0_O)        0.307    11.550 r  u_npu/u_array/gen_row[14].gen_col[0].u_pe/p[16]_i_4__19/O
                         net (fo=1, unplaced)         0.000    11.550    u_npu/u_array/gen_row[14].gen_col[0].u_pe/p[16]_i_4__19_n_0
                         CARRY4 (Prop_carry4_S[1]_CO[3])
                                                      0.533    12.083 r  u_npu/u_array/gen_row[14].gen_col[0].u_pe/p_reg[16]_i_1__19/CO[3]
                         net (fo=1, unplaced)         0.000    12.083    u_npu/u_array/gen_row[14].gen_col[0].u_pe/p_reg[16]_i_1__19_n_0
                         CARRY4 (Prop_carry4_CI_CO[3])
                                                      0.117    12.200 r  u_npu/u_array/gen_row[14].gen_col[0].u_pe/p_reg[20]_i_1__19/CO[3]
                         net (fo=1, unplaced)         0.000    12.200    u_npu/u_array/gen_row[14].gen_col[0].u_pe/p_reg[20]_i_1__19_n_0
                         CARRY4 (Prop_carry4_CI_CO[3])
                                                      0.117    12.317 r  u_npu/u_array/gen_row[14].gen_col[0].u_pe/p_reg[24]_i_1__19/CO[3]
                         net (fo=1, unplaced)         0.000    12.317    u_npu/u_array/gen_row[14].gen_col[0].u_pe/p_reg[24]_i_1__19_n_0
                         CARRY4 (Prop_carry4_CI_O[3])
                                                      0.331    12.648 r  u_npu/u_array/gen_row[14].gen_col[0].u_pe/p_reg[28]_i_1__19/O[3]
                         net (fo=1, unplaced)         0.000    12.648    u_npu/u_array/gen_row[15].gen_col[0].u_pe/p_reg[31]_1[3]
                         FDRE                                         r  u_npu/u_array/gen_row[15].gen_col[0].u_pe/p_reg[31]/D
  -------------------------------------------------------------------    -------------------

                         (clock clk rise edge)       20.000    20.000 r  
                                                      0.000    20.000 r  clk (IN)
                         net (fo=3879, unset)         0.924    20.924    u_npu/u_array/gen_row[15].gen_col[0].u_pe/clk
                         FDRE                                         r  u_npu/u_array/gen_row[15].gen_col[0].u_pe/p_reg[31]/C
                         clock pessimism              0.000    20.924    
                         clock uncertainty           -0.035    20.889    
                         FDRE (Setup_fdre_C_D)        0.109    20.998    u_npu/u_array/gen_row[15].gen_col[0].u_pe/p_reg[31]
  -------------------------------------------------------------------
                         required time                         20.998    
                         arrival time                         -12.648    
  -------------------------------------------------------------------
                         slack                                  8.350    

Slack (MET) :             8.425ns  (required time - arrival time)
  Source:                 u_npu/t_reg[1]_rep/C
                            (rising edge-triggered cell FDRE clocked by clk  {rise@0.000ns fall@10.000ns period=20.000ns})
  Destination:            u_npu/u_array/gen_row[15].gen_col[0].u_pe/p_reg[30]/D
                            (rising edge-triggered cell FDRE clocked by clk  {rise@0.000ns fall@10.000ns period=20.000ns})
  Path Group:             clk
  Path Type:              Setup (Max at Slow Process Corner)
  Requirement:            20.000ns  (clk rise@20.000ns - clk rise@0.000ns)
  Data Path Delay:        11.600ns  (logic 5.544ns (47.793%)  route 6.056ns (52.207%))
  Logic Levels:           17  (CARRY4=9 LUT2=2 LUT3=2 LUT4=2 LUT6=2)
  Clock Path Skew:        -0.049ns (DCD - SCD + CPR)
    Destination Clock Delay (DCD):    0.924ns = ( 20.924 - 20.000 ) 
    Source Clock Delay      (SCD):    0.973ns
    Clock Pessimism Removal (CPR):    0.000ns
  Clock Uncertainty:      0.035ns  ((TSJ^2 + TIJ^2)^1/2 + DJ) / 2 + PE
    Total System Jitter     (TSJ):    0.071ns
    Total Input Jitter      (TIJ):    0.000ns
    Discrete Jitter          (DJ):    0.000ns
    Phase Error              (PE):    0.000ns

    Location             Delay type                Incr(ns)  Path(ns)    Netlist Resource(s)
  -------------------------------------------------------------------    -------------------
                         (clock clk rise edge)        0.000     0.000 r  
                                                      0.000     0.000 r  clk (IN)
                         net (fo=3879, unset)         0.973     0.973    u_npu/clk
                         FDRE                                         r  u_npu/t_reg[1]_rep/C
  -------------------------------------------------------------------    -------------------
                         FDRE (Prop_fdre_C_Q)         0.518     1.491 r  u_npu/t_reg[1]_rep/Q
                         net (fo=118, unplaced)       0.845     2.336    u_npu/u_array/gen_row[15].gen_col[0].u_pe/t_reg[5][0]
                         LUT4 (Prop_lut4_I1_O)        0.295     2.631 r  u_npu/u_array/gen_row[15].gen_col[0].u_pe/t[7]_i_2/O
                         net (fo=7, unplaced)         0.484     3.115    u_npu/u_array/gen_row[15].gen_col[0].u_pe/t_reg[3]
                         LUT6 (Prop_lut6_I3_O)        0.124     3.239 r  u_npu/u_array/gen_row[15].gen_col[0].u_pe/b_r[7]_i_10__13/O
                         net (fo=1, unplaced)         0.473     3.712    u_npu/u_array/gen_row[15].gen_col[0].u_pe/b_r[7]_i_10__13_n_0
                         CARRY4 (Prop_carry4_DI[3]_CO[3])
                                                      0.396     4.108 r  u_npu/u_array/gen_row[15].gen_col[0].u_pe/b_r_reg[7]_i_6/CO[3]
                         net (fo=1, unplaced)         0.009     4.117    u_npu/u_array/gen_row[15].gen_col[0].u_pe/b_r_reg[7]_i_6_n_0
                         CARRY4 (Prop_carry4_CI_CO[1])
                                                      0.179     4.296 r  u_npu/u_array/gen_row[15].gen_col[0].u_pe/b_r_reg[7]_i_4__3/CO[1]
                         net (fo=1, unplaced)         0.312     4.608    u_npu/u_array/gen_row[15].gen_col[0].u_pe/a_west285_in
                         LUT3 (Prop_lut3_I2_O)        0.332     4.940 r  u_npu/u_array/gen_row[15].gen_col[0].u_pe/b_r[7]_i_2__5/O
                         net (fo=56, unplaced)        0.534     5.474    u_npu/u_array/gen_row[15].gen_col[0].u_pe/a_west186_out
                         LUT2 (Prop_lut2_I0_O)        0.116     5.590 r  u_npu/u_array/gen_row[15].gen_col[0].u_pe/p1__0_carry_i_8__33/O
                         net (fo=10, unplaced)        0.945     6.535    u_npu/u_array/gen_row[14].gen_col[0].u_pe/a_west[2]
                         LUT6 (Prop_lut6_I1_O)        0.124     6.659 r  u_npu/u_array/gen_row[14].gen_col[0].u_pe/p1__0_carry__0_i_3__19/O
                         net (fo=2, unplaced)         0.650     7.309    u_npu/u_array/gen_row[15].gen_col[0].u_pe/p1__86_carry_i_8__19_0[1]
                         CARRY4 (Prop_carry4_DI[1]_O[3])
                                                      0.629     7.938 r  u_npu/u_array/gen_row[15].gen_col[0].u_pe/p1__0_carry__0/O[3]
                         net (fo=2, unplaced)         0.629     8.567    u_npu/u_array/gen_row[15].gen_col[0].u_pe/p1__0_carry__0_n_4
                         LUT3 (Prop_lut3_I2_O)        0.302     8.869 r  u_npu/u_array/gen_row[15].gen_col[0].u_pe/p1__86_carry__0_i_4__19/O
                         net (fo=2, unplaced)         0.485     9.354    u_npu/u_array/gen_row[15].gen_col[0].u_pe/p1__86_carry__0_i_4__19_n_0
                         LUT4 (Prop_lut4_I3_O)        0.355     9.709 r  u_npu/u_array/gen_row[15].gen_col[0].u_pe/p1__86_carry__0_i_8__19/O
                         net (fo=1, unplaced)         0.000     9.709    u_npu/u_array/gen_row[15].gen_col[0].u_pe/p1__86_carry__0_i_8__19_n_0
                         CARRY4 (Prop_carry4_S[0]_CO[3])
                                                      0.513    10.222 r  u_npu/u_array/gen_row[15].gen_col[0].u_pe/p1__86_carry__0/CO[3]
                         net (fo=1, unplaced)         0.000    10.222    u_npu/u_array/gen_row[15].gen_col[0].u_pe/p1__86_carry__0_n_0
                         CARRY4 (Prop_carry4_CI_O[3])
                                                      0.331    10.553 r  u_npu/u_array/gen_row[15].gen_col[0].u_pe/p1__86_carry__1/O[3]
                         net (fo=33, unplaced)        0.690    11.243    u_npu/u_array/gen_row[14].gen_col[0].u_pe/p_reg[15]_6[3]
                         LUT2 (Prop_lut2_I0_O)        0.307    11.550 r  u_npu/u_array/gen_row[14].gen_col[0].u_pe/p[16]_i_4__19/O
                         net (fo=1, unplaced)         0.000    11.550    u_npu/u_array/gen_row[14].gen_col[0].u_pe/p[16]_i_4__19_n_0
                         CARRY4 (Prop_carry4_S[1]_CO[3])
                                                      0.533    12.083 r  u_npu/u_array/gen_row[14].gen_col[0].u_pe/p_reg[16]_i_1__19/CO[3]
                         net (fo=1, unplaced)         0.000    12.083    u_npu/u_array/gen_row[14].gen_col[0].u_pe/p_reg[16]_i_1__19_n_0
                         CARRY4 (Prop_carry4_CI_CO[3])
                                                      0.117    12.200 r  u_npu/u_array/gen_row[14].gen_col[0].u_pe/p_reg[20]_i_1__19/CO[3]
                         net (fo=1, unplaced)         0.000    12.200    u_npu/u_array/gen_row[14].gen_col[0].u_pe/p_reg[20]_i_1__19_n_0
                         CARRY4 (Prop_carry4_CI_CO[3])
                                                      0.117    12.317 r  u_npu/u_array/gen_row[14].gen_col[0].u_pe/p_reg[24]_i_1__19/CO[3]
                         net (fo=1, unplaced)         0.000    12.317    u_npu/u_array/gen_row[14].gen_col[0].u_pe/p_reg[24]_i_1__19_n_0
                         CARRY4 (Prop_carry4_CI_O[2])
                                                      0.256    12.573 r  u_npu/u_array/gen_row[14].gen_col[0].u_pe/p_reg[28]_i_1__19/O[2]
                         net (fo=1, unplaced)         0.000    12.573    u_npu/u_array/gen_row[15].gen_col[0].u_pe/p_reg[31]_1[2]
                         FDRE                                         r  u_npu/u_array/gen_row[15].gen_col[0].u_pe/p_reg[30]/D
  -------------------------------------------------------------------    -------------------

                         (clock clk rise edge)       20.000    20.000 r  
                                                      0.000    20.000 r  clk (IN)
                         net (fo=3879, unset)         0.924    20.924    u_npu/u_array/gen_row[15].gen_col[0].u_pe/clk
                         FDRE                                         r  u_npu/u_array/gen_row[15].gen_col[0].u_pe/p_reg[30]/C
                         clock pessimism              0.000    20.924    
                         clock uncertainty           -0.035    20.889    
                         FDRE (Setup_fdre_C_D)        0.109    20.998    u_npu/u_array/gen_row[15].gen_col[0].u_pe/p_reg[30]
  -------------------------------------------------------------------
                         required time                         20.998    
                         arrival time                         -12.573    
  -------------------------------------------------------------------
                         slack                                  8.425    

Slack (MET) :             8.449ns  (required time - arrival time)
  Source:                 u_npu/t_reg[1]_rep/C
                            (rising edge-triggered cell FDRE clocked by clk  {rise@0.000ns fall@10.000ns period=20.000ns})
  Destination:            u_npu/u_array/gen_row[15].gen_col[0].u_pe/p_reg[28]/D
                            (rising edge-triggered cell FDRE clocked by clk  {rise@0.000ns fall@10.000ns period=20.000ns})
  Path Group:             clk
  Path Type:              Setup (Max at Slow Process Corner)
  Requirement:            20.000ns  (clk rise@20.000ns - clk rise@0.000ns)
  Data Path Delay:        11.576ns  (logic 5.520ns (47.685%)  route 6.056ns (52.315%))
  Logic Levels:           17  (CARRY4=9 LUT2=2 LUT3=2 LUT4=2 LUT6=2)
  Clock Path Skew:        -0.049ns (DCD - SCD + CPR)
    Destination Clock Delay (DCD):    0.924ns = ( 20.924 - 20.000 ) 
    Source Clock Delay      (SCD):    0.973ns
    Clock Pessimism Removal (CPR):    0.000ns
  Clock Uncertainty:      0.035ns  ((TSJ^2 + TIJ^2)^1/2 + DJ) / 2 + PE
    Total System Jitter     (TSJ):    0.071ns
    Total Input Jitter      (TIJ):    0.000ns
    Discrete Jitter          (DJ):    0.000ns
    Phase Error              (PE):    0.000ns

    Location             Delay type                Incr(ns)  Path(ns)    Netlist Resource(s)
  -------------------------------------------------------------------    -------------------
                         (clock clk rise edge)        0.000     0.000 r  
                                                      0.000     0.000 r  clk (IN)
                         net (fo=3879, unset)         0.973     0.973    u_npu/clk
                         FDRE                                         r  u_npu/t_reg[1]_rep/C
  -------------------------------------------------------------------    -------------------
                         FDRE (Prop_fdre_C_Q)         0.518     1.491 r  u_npu/t_reg[1]_rep/Q
                         net (fo=118, unplaced)       0.845     2.336    u_npu/u_array/gen_row[15].gen_col[0].u_pe/t_reg[5][0]
                         LUT4 (Prop_lut4_I1_O)        0.295     2.631 r  u_npu/u_array/gen_row[15].gen_col[0].u_pe/t[7]_i_2/O
                         net (fo=7, unplaced)         0.484     3.115    u_npu/u_array/gen_row[15].gen_col[0].u_pe/t_reg[3]
                         LUT6 (Prop_lut6_I3_O)        0.124     3.239 r  u_npu/u_array/gen_row[15].gen_col[0].u_pe/b_r[7]_i_10__13/O
                         net (fo=1, unplaced)         0.473     3.712    u_npu/u_array/gen_row[15].gen_col[0].u_pe/b_r[7]_i_10__13_n_0
                         CARRY4 (Prop_carry4_DI[3]_CO[3])
                                                      0.396     4.108 r  u_npu/u_array/gen_row[15].gen_col[0].u_pe/b_r_reg[7]_i_6/CO[3]
                         net (fo=1, unplaced)         0.009     4.117    u_npu/u_array/gen_row[15].gen_col[0].u_pe/b_r_reg[7]_i_6_n_0
                         CARRY4 (Prop_carry4_CI_CO[1])
                                                      0.179     4.296 r  u_npu/u_array/gen_row[15].gen_col[0].u_pe/b_r_reg[7]_i_4__3/CO[1]
                         net (fo=1, unplaced)         0.312     4.608    u_npu/u_array/gen_row[15].gen_col[0].u_pe/a_west285_in
                         LUT3 (Prop_lut3_I2_O)        0.332     4.940 r  u_npu/u_array/gen_row[15].gen_col[0].u_pe/b_r[7]_i_2__5/O
                         net (fo=56, unplaced)        0.534     5.474    u_npu/u_array/gen_row[15].gen_col[0].u_pe/a_west186_out
                         LUT2 (Prop_lut2_I0_O)        0.116     5.590 r  u_npu/u_array/gen_row[15].gen_col[0].u_pe/p1__0_carry_i_8__33/O
                         net (fo=10, unplaced)        0.945     6.535    u_npu/u_array/gen_row[14].gen_col[0].u_pe/a_west[2]
                         LUT6 (Prop_lut6_I1_O)        0.124     6.659 r  u_npu/u_array/gen_row[14].gen_col[0].u_pe/p1__0_carry__0_i_3__19/O
                         net (fo=2, unplaced)         0.650     7.309    u_npu/u_array/gen_row[15].gen_col[0].u_pe/p1__86_carry_i_8__19_0[1]
                         CARRY4 (Prop_carry4_DI[1]_O[3])
                                                      0.629     7.938 r  u_npu/u_array/gen_row[15].gen_col[0].u_pe/p1__0_carry__0/O[3]
                         net (fo=2, unplaced)         0.629     8.567    u_npu/u_array/gen_row[15].gen_col[0].u_pe/p1__0_carry__0_n_4
                         LUT3 (Prop_lut3_I2_O)        0.302     8.869 r  u_npu/u_array/gen_row[15].gen_col[0].u_pe/p1__86_carry__0_i_4__19/O
                         net (fo=2, unplaced)         0.485     9.354    u_npu/u_array/gen_row[15].gen_col[0].u_pe/p1__86_carry__0_i_4__19_n_0
                         LUT4 (Prop_lut4_I3_O)        0.355     9.709 r  u_npu/u_array/gen_row[15].gen_col[0].u_pe/p1__86_carry__0_i_8__19/O
                         net (fo=1, unplaced)         0.000     9.709    u_npu/u_array/gen_row[15].gen_col[0].u_pe/p1__86_carry__0_i_8__19_n_0
                         CARRY4 (Prop_carry4_S[0]_CO[3])
                                                      0.513    10.222 r  u_npu/u_array/gen_row[15].gen_col[0].u_pe/p1__86_carry__0/CO[3]
                         net (fo=1, unplaced)         0.000    10.222    u_npu/u_array/gen_row[15].gen_col[0].u_pe/p1__86_carry__0_n_0
                         CARRY4 (Prop_carry4_CI_O[3])
                                                      0.331    10.553 r  u_npu/u_array/gen_row[15].gen_col[0].u_pe/p1__86_carry__1/O[3]
                         net (fo=33, unplaced)        0.690    11.243    u_npu/u_array/gen_row[14].gen_col[0].u_pe/p_reg[15]_6[3]
                         LUT2 (Prop_lut2_I0_O)        0.307    11.550 r  u_npu/u_array/gen_row[14].gen_col[0].u_pe/p[16]_i_4__19/O
                         net (fo=1, unplaced)         0.000    11.550    u_npu/u_array/gen_row[14].gen_col[0].u_pe/p[16]_i_4__19_n_0
                         CARRY4 (Prop_carry4_S[1]_CO[3])
                                                      0.533    12.083 r  u_npu/u_array/gen_row[14].gen_col[0].u_pe/p_reg[16]_i_1__19/CO[3]
                         net (fo=1, unplaced)         0.000    12.083    u_npu/u_array/gen_row[14].gen_col[0].u_pe/p_reg[16]_i_1__19_n_0
                         CARRY4 (Prop_carry4_CI_CO[3])
                                                      0.117    12.200 r  u_npu/u_array/gen_row[14].gen_col[0].u_pe/p_reg[20]_i_1__19/CO[3]
                         net (fo=1, unplaced)         0.000    12.200    u_npu/u_array/gen_row[14].gen_col[0].u_pe/p_reg[20]_i_1__19_n_0
                         CARRY4 (Prop_carry4_CI_CO[3])
                                                      0.117    12.317 r  u_npu/u_array/gen_row[14].gen_col[0].u_pe/p_reg[24]_i_1__19/CO[3]
                         net (fo=1, unplaced)         0.000    12.317    u_npu/u_array/gen_row[14].gen_col[0].u_pe/p_reg[24]_i_1__19_n_0
                         CARRY4 (Prop_carry4_CI_O[0])
                                                      0.232    12.549 r  u_npu/u_array/gen_row[14].gen_col[0].u_pe/p_reg[28]_i_1__19/O[0]
                         net (fo=1, unplaced)         0.000    12.549    u_npu/u_array/gen_row[15].gen_col[0].u_pe/p_reg[31]_1[0]
                         FDRE                                         r  u_npu/u_array/gen_row[15].gen_col[0].u_pe/p_reg[28]/D
  -------------------------------------------------------------------    -------------------

                         (clock clk rise edge)       20.000    20.000 r  
                                                      0.000    20.000 r  clk (IN)
                         net (fo=3879, unset)         0.924    20.924    u_npu/u_array/gen_row[15].gen_col[0].u_pe/clk
                         FDRE                                         r  u_npu/u_array/gen_row[15].gen_col[0].u_pe/p_reg[28]/C
                         clock pessimism              0.000    20.924    
                         clock uncertainty           -0.035    20.889    
                         FDRE (Setup_fdre_C_D)        0.109    20.998    u_npu/u_array/gen_row[15].gen_col[0].u_pe/p_reg[28]
  -------------------------------------------------------------------
                         required time                         20.998    
                         arrival time                         -12.549    
  -------------------------------------------------------------------
                         slack                                  8.449    

Slack (MET) :             8.461ns  (required time - arrival time)
  Source:                 u_npu/t_reg[1]_rep/C
                            (rising edge-triggered cell FDRE clocked by clk  {rise@0.000ns fall@10.000ns period=20.000ns})
  Destination:            u_npu/u_array/gen_row[15].gen_col[0].u_pe/p_reg[25]/D
                            (rising edge-triggered cell FDRE clocked by clk  {rise@0.000ns fall@10.000ns period=20.000ns})
  Path Group:             clk
  Path Type:              Setup (Max at Slow Process Corner)
  Requirement:            20.000ns  (clk rise@20.000ns - clk rise@0.000ns)
  Data Path Delay:        11.564ns  (logic 5.508ns (47.631%)  route 6.056ns (52.369%))
  Logic Levels:           16  (CARRY4=8 LUT2=2 LUT3=2 LUT4=2 LUT6=2)
  Clock Path Skew:        -0.049ns (DCD - SCD + CPR)
    Destination Clock Delay (DCD):    0.924ns = ( 20.924 - 20.000 ) 
    Source Clock Delay      (SCD):    0.973ns
    Clock Pessimism Removal (CPR):    0.000ns
  Clock Uncertainty:      0.035ns  ((TSJ^2 + TIJ^2)^1/2 + DJ) / 2 + PE
    Total System Jitter     (TSJ):    0.071ns
    Total Input Jitter      (TIJ):    0.000ns
    Discrete Jitter          (DJ):    0.000ns
    Phase Error              (PE):    0.000ns

    Location             Delay type                Incr(ns)  Path(ns)    Netlist Resource(s)
  -------------------------------------------------------------------    -------------------
                         (clock clk rise edge)        0.000     0.000 r  
                                                      0.000     0.000 r  clk (IN)
                         net (fo=3879, unset)         0.973     0.973    u_npu/clk
                         FDRE                                         r  u_npu/t_reg[1]_rep/C
  -------------------------------------------------------------------    -------------------
                         FDRE (Prop_fdre_C_Q)         0.518     1.491 r  u_npu/t_reg[1]_rep/Q
                         net (fo=118, unplaced)       0.845     2.336    u_npu/u_array/gen_row[15].gen_col[0].u_pe/t_reg[5][0]
                         LUT4 (Prop_lut4_I1_O)        0.295     2.631 r  u_npu/u_array/gen_row[15].gen_col[0].u_pe/t[7]_i_2/O
                         net (fo=7, unplaced)         0.484     3.115    u_npu/u_array/gen_row[15].gen_col[0].u_pe/t_reg[3]
                         LUT6 (Prop_lut6_I3_O)        0.124     3.239 r  u_npu/u_array/gen_row[15].gen_col[0].u_pe/b_r[7]_i_10__13/O
                         net (fo=1, unplaced)         0.473     3.712    u_npu/u_array/gen_row[15].gen_col[0].u_pe/b_r[7]_i_10__13_n_0
                         CARRY4 (Prop_carry4_DI[3]_CO[3])
                                                      0.396     4.108 r  u_npu/u_array/gen_row[15].gen_col[0].u_pe/b_r_reg[7]_i_6/CO[3]
                         net (fo=1, unplaced)         0.009     4.117    u_npu/u_array/gen_row[15].gen_col[0].u_pe/b_r_reg[7]_i_6_n_0
                         CARRY4 (Prop_carry4_CI_CO[1])
                                                      0.179     4.296 r  u_npu/u_array/gen_row[15].gen_col[0].u_pe/b_r_reg[7]_i_4__3/CO[1]
                         net (fo=1, unplaced)         0.312     4.608    u_npu/u_array/gen_row[15].gen_col[0].u_pe/a_west285_in
                         LUT3 (Prop_lut3_I2_O)        0.332     4.940 r  u_npu/u_array/gen_row[15].gen_col[0].u_pe/b_r[7]_i_2__5/O
                         net (fo=56, unplaced)        0.534     5.474    u_npu/u_array/gen_row[15].gen_col[0].u_pe/a_west186_out
                         LUT2 (Prop_lut2_I0_O)        0.116     5.590 r  u_npu/u_array/gen_row[15].gen_col[0].u_pe/p1__0_carry_i_8__33/O
                         net (fo=10, unplaced)        0.945     6.535    u_npu/u_array/gen_row[14].gen_col[0].u_pe/a_west[2]
                         LUT6 (Prop_lut6_I1_O)        0.124     6.659 r  u_npu/u_array/gen_row[14].gen_col[0].u_pe/p1__0_carry__0_i_3__19/O
                         net (fo=2, unplaced)         0.650     7.309    u_npu/u_array/gen_row[15].gen_col[0].u_pe/p1__86_carry_i_8__19_0[1]
                         CARRY4 (Prop_carry4_DI[1]_O[3])
                                                      0.629     7.938 r  u_npu/u_array/gen_row[15].gen_col[0].u_pe/p1__0_carry__0/O[3]
                         net (fo=2, unplaced)         0.629     8.567    u_npu/u_array/gen_row[15].gen_col[0].u_pe/p1__0_carry__0_n_4
                         LUT3 (Prop_lut3_I2_O)        0.302     8.869 r  u_npu/u_array/gen_row[15].gen_col[0].u_pe/p1__86_carry__0_i_4__19/O
                         net (fo=2, unplaced)         0.485     9.354    u_npu/u_array/gen_row[15].gen_col[0].u_pe/p1__86_carry__0_i_4__19_n_0
                         LUT4 (Prop_lut4_I3_O)        0.355     9.709 r  u_npu/u_array/gen_row[15].gen_col[0].u_pe/p1__86_carry__0_i_8__19/O
                         net (fo=1, unplaced)         0.000     9.709    u_npu/u_array/gen_row[15].gen_col[0].u_pe/p1__86_carry__0_i_8__19_n_0
                         CARRY4 (Prop_carry4_S[0]_CO[3])
                                                      0.513    10.222 r  u_npu/u_array/gen_row[15].gen_col[0].u_pe/p1__86_carry__0/CO[3]
                         net (fo=1, unplaced)         0.000    10.222    u_npu/u_array/gen_row[15].gen_col[0].u_pe/p1__86_carry__0_n_0
                         CARRY4 (Prop_carry4_CI_O[3])
                                                      0.331    10.553 r  u_npu/u_array/gen_row[15].gen_col[0].u_pe/p1__86_carry__1/O[3]
                         net (fo=33, unplaced)        0.690    11.243    u_npu/u_array/gen_row[14].gen_col[0].u_pe/p_reg[15]_6[3]
                         LUT2 (Prop_lut2_I0_O)        0.307    11.550 r  u_npu/u_array/gen_row[14].gen_col[0].u_pe/p[16]_i_4__19/O
                         net (fo=1, unplaced)         0.000    11.550    u_npu/u_array/gen_row[14].gen_col[0].u_pe/p[16]_i_4__19_n_0
                         CARRY4 (Prop_carry4_S[1]_CO[3])
                                                      0.533    12.083 r  u_npu/u_array/gen_row[14].gen_col[0].u_pe/p_reg[16]_i_1__19/CO[3]
                         net (fo=1, unplaced)         0.000    12.083    u_npu/u_array/gen_row[14].gen_col[0].u_pe/p_reg[16]_i_1__19_n_0
                         CARRY4 (Prop_carry4_CI_CO[3])
                                                      0.117    12.200 r  u_npu/u_array/gen_row[14].gen_col[0].u_pe/p_reg[20]_i_1__19/CO[3]
                         net (fo=1, unplaced)         0.000    12.200    u_npu/u_array/gen_row[14].gen_col[0].u_pe/p_reg[20]_i_1__19_n_0
                         CARRY4 (Prop_carry4_CI_O[1])
                                                      0.337    12.537 r  u_npu/u_array/gen_row[14].gen_col[0].u_pe/p_reg[24]_i_1__19/O[1]
                         net (fo=1, unplaced)         0.000    12.537    u_npu/u_array/gen_row[15].gen_col[0].u_pe/p_reg[27]_1[1]
                         FDRE                                         r  u_npu/u_array/gen_row[15].gen_col[0].u_pe/p_reg[25]/D
  -------------------------------------------------------------------    -------------------

                         (clock clk rise edge)       20.000    20.000 r  
                                                      0.000    20.000 r  clk (IN)
                         net (fo=3879, unset)         0.924    20.924    u_npu/u_array/gen_row[15].gen_col[0].u_pe/clk
                         FDRE                                         r  u_npu/u_array/gen_row[15].gen_col[0].u_pe/p_reg[25]/C
                         clock pessimism              0.000    20.924    
                         clock uncertainty           -0.035    20.889    
                         FDRE (Setup_fdre_C_D)        0.109    20.998    u_npu/u_array/gen_row[15].gen_col[0].u_pe/p_reg[25]
  -------------------------------------------------------------------
                         required time                         20.998    
                         arrival time                         -12.537    
  -------------------------------------------------------------------
                         slack                                  8.461    

Slack (MET) :             8.467ns  (required time - arrival time)
  Source:                 u_npu/t_reg[1]_rep/C
                            (rising edge-triggered cell FDRE clocked by clk  {rise@0.000ns fall@10.000ns period=20.000ns})
  Destination:            u_npu/u_array/gen_row[15].gen_col[0].u_pe/p_reg[27]/D
                            (rising edge-triggered cell FDRE clocked by clk  {rise@0.000ns fall@10.000ns period=20.000ns})
  Path Group:             clk
  Path Type:              Setup (Max at Slow Process Corner)
  Requirement:            20.000ns  (clk rise@20.000ns - clk rise@0.000ns)
  Data Path Delay:        11.558ns  (logic 5.502ns (47.603%)  route 6.056ns (52.397%))
  Logic Levels:           16  (CARRY4=8 LUT2=2 LUT3=2 LUT4=2 LUT6=2)
  Clock Path Skew:        -0.049ns (DCD - SCD + CPR)
    Destination Clock Delay (DCD):    0.924ns = ( 20.924 - 20.000 ) 
    Source Clock Delay      (SCD):    0.973ns
    Clock Pessimism Removal (CPR):    0.000ns
  Clock Uncertainty:      0.035ns  ((TSJ^2 + TIJ^2)^1/2 + DJ) / 2 + PE
    Total System Jitter     (TSJ):    0.071ns
    Total Input Jitter      (TIJ):    0.000ns
    Discrete Jitter          (DJ):    0.000ns
    Phase Error              (PE):    0.000ns

    Location             Delay type                Incr(ns)  Path(ns)    Netlist Resource(s)
  -------------------------------------------------------------------    -------------------
                         (clock clk rise edge)        0.000     0.000 r  
                                                      0.000     0.000 r  clk (IN)
                         net (fo=3879, unset)         0.973     0.973    u_npu/clk
                         FDRE                                         r  u_npu/t_reg[1]_rep/C
  -------------------------------------------------------------------    -------------------
                         FDRE (Prop_fdre_C_Q)         0.518     1.491 r  u_npu/t_reg[1]_rep/Q
                         net (fo=118, unplaced)       0.845     2.336    u_npu/u_array/gen_row[15].gen_col[0].u_pe/t_reg[5][0]
                         LUT4 (Prop_lut4_I1_O)        0.295     2.631 r  u_npu/u_array/gen_row[15].gen_col[0].u_pe/t[7]_i_2/O
                         net (fo=7, unplaced)         0.484     3.115    u_npu/u_array/gen_row[15].gen_col[0].u_pe/t_reg[3]
                         LUT6 (Prop_lut6_I3_O)        0.124     3.239 r  u_npu/u_array/gen_row[15].gen_col[0].u_pe/b_r[7]_i_10__13/O
                         net (fo=1, unplaced)         0.473     3.712    u_npu/u_array/gen_row[15].gen_col[0].u_pe/b_r[7]_i_10__13_n_0
                         CARRY4 (Prop_carry4_DI[3]_CO[3])
                                                      0.396     4.108 r  u_npu/u_array/gen_row[15].gen_col[0].u_pe/b_r_reg[7]_i_6/CO[3]
                         net (fo=1, unplaced)         0.009     4.117    u_npu/u_array/gen_row[15].gen_col[0].u_pe/b_r_reg[7]_i_6_n_0
                         CARRY4 (Prop_carry4_CI_CO[1])
                                                      0.179     4.296 r  u_npu/u_array/gen_row[15].gen_col[0].u_pe/b_r_reg[7]_i_4__3/CO[1]
                         net (fo=1, unplaced)         0.312     4.608    u_npu/u_array/gen_row[15].gen_col[0].u_pe/a_west285_in
                         LUT3 (Prop_lut3_I2_O)        0.332     4.940 r  u_npu/u_array/gen_row[15].gen_col[0].u_pe/b_r[7]_i_2__5/O
                         net (fo=56, unplaced)        0.534     5.474    u_npu/u_array/gen_row[15].gen_col[0].u_pe/a_west186_out
                         LUT2 (Prop_lut2_I0_O)        0.116     5.590 r  u_npu/u_array/gen_row[15].gen_col[0].u_pe/p1__0_carry_i_8__33/O
                         net (fo=10, unplaced)        0.945     6.535    u_npu/u_array/gen_row[14].gen_col[0].u_pe/a_west[2]
                         LUT6 (Prop_lut6_I1_O)        0.124     6.659 r  u_npu/u_array/gen_row[14].gen_col[0].u_pe/p1__0_carry__0_i_3__19/O
                         net (fo=2, unplaced)         0.650     7.309    u_npu/u_array/gen_row[15].gen_col[0].u_pe/p1__86_carry_i_8__19_0[1]
                         CARRY4 (Prop_carry4_DI[1]_O[3])
                                                      0.629     7.938 r  u_npu/u_array/gen_row[15].gen_col[0].u_pe/p1__0_carry__0/O[3]
                         net (fo=2, unplaced)         0.629     8.567    u_npu/u_array/gen_row[15].gen_col[0].u_pe/p1__0_carry__0_n_4
                         LUT3 (Prop_lut3_I2_O)        0.302     8.869 r  u_npu/u_array/gen_row[15].gen_col[0].u_pe/p1__86_carry__0_i_4__19/O
                         net (fo=2, unplaced)         0.485     9.354    u_npu/u_array/gen_row[15].gen_col[0].u_pe/p1__86_carry__0_i_4__19_n_0
                         LUT4 (Prop_lut4_I3_O)        0.355     9.709 r  u_npu/u_array/gen_row[15].gen_col[0].u_pe/p1__86_carry__0_i_8__19/O
                         net (fo=1, unplaced)         0.000     9.709    u_npu/u_array/gen_row[15].gen_col[0].u_pe/p1__86_carry__0_i_8__19_n_0
                         CARRY4 (Prop_carry4_S[0]_CO[3])
                                                      0.513    10.222 r  u_npu/u_array/gen_row[15].gen_col[0].u_pe/p1__86_carry__0/CO[3]
                         net (fo=1, unplaced)         0.000    10.222    u_npu/u_array/gen_row[15].gen_col[0].u_pe/p1__86_carry__0_n_0
                         CARRY4 (Prop_carry4_CI_O[3])
                                                      0.331    10.553 r  u_npu/u_array/gen_row[15].gen_col[0].u_pe/p1__86_carry__1/O[3]
                         net (fo=33, unplaced)        0.690    11.243    u_npu/u_array/gen_row[14].gen_col[0].u_pe/p_reg[15]_6[3]
                         LUT2 (Prop_lut2_I0_O)        0.307    11.550 r  u_npu/u_array/gen_row[14].gen_col[0].u_pe/p[16]_i_4__19/O
                         net (fo=1, unplaced)         0.000    11.550    u_npu/u_array/gen_row[14].gen_col[0].u_pe/p[16]_i_4__19_n_0
                         CARRY4 (Prop_carry4_S[1]_CO[3])
                                                      0.533    12.083 r  u_npu/u_array/gen_row[14].gen_col[0].u_pe/p_reg[16]_i_1__19/CO[3]
                         net (fo=1, unplaced)         0.000    12.083    u_npu/u_array/gen_row[14].gen_col[0].u_pe/p_reg[16]_i_1__19_n_0
                         CARRY4 (Prop_carry4_CI_CO[3])
                                                      0.117    12.200 r  u_npu/u_array/gen_row[14].gen_col[0].u_pe/p_reg[20]_i_1__19/CO[3]
                         net (fo=1, unplaced)         0.000    12.200    u_npu/u_array/gen_row[14].gen_col[0].u_pe/p_reg[20]_i_1__19_n_0
                         CARRY4 (Prop_carry4_CI_O[3])
                                                      0.331    12.531 r  u_npu/u_array/gen_row[14].gen_col[0].u_pe/p_reg[24]_i_1__19/O[3]
                         net (fo=1, unplaced)         0.000    12.531    u_npu/u_array/gen_row[15].gen_col[0].u_pe/p_reg[27]_1[3]
                         FDRE                                         r  u_npu/u_array/gen_row[15].gen_col[0].u_pe/p_reg[27]/D
  -------------------------------------------------------------------    -------------------

                         (clock clk rise edge)       20.000    20.000 r  
                                                      0.000    20.000 r  clk (IN)
                         net (fo=3879, unset)         0.924    20.924    u_npu/u_array/gen_row[15].gen_col[0].u_pe/clk
                         FDRE                                         r  u_npu/u_array/gen_row[15].gen_col[0].u_pe/p_reg[27]/C
                         clock pessimism              0.000    20.924    
                         clock uncertainty           -0.035    20.889    
                         FDRE (Setup_fdre_C_D)        0.109    20.998    u_npu/u_array/gen_row[15].gen_col[0].u_pe/p_reg[27]
  -------------------------------------------------------------------
                         required time                         20.998    
                         arrival time                         -12.531    
  -------------------------------------------------------------------
                         slack                                  8.467    

Slack (MET) :             8.542ns  (required time - arrival time)
  Source:                 u_npu/t_reg[1]_rep/C
                            (rising edge-triggered cell FDRE clocked by clk  {rise@0.000ns fall@10.000ns period=20.000ns})
  Destination:            u_npu/u_array/gen_row[15].gen_col[0].u_pe/p_reg[26]/D
                            (rising edge-triggered cell FDRE clocked by clk  {rise@0.000ns fall@10.000ns period=20.000ns})
  Path Group:             clk
  Path Type:              Setup (Max at Slow Process Corner)
  Requirement:            20.000ns  (clk rise@20.000ns - clk rise@0.000ns)
  Data Path Delay:        11.483ns  (logic 5.427ns (47.261%)  route 6.056ns (52.739%))
  Logic Levels:           16  (CARRY4=8 LUT2=2 LUT3=2 LUT4=2 LUT6=2)
  Clock Path Skew:        -0.049ns (DCD - SCD + CPR)
    Destination Clock Delay (DCD):    0.924ns = ( 20.924 - 20.000 ) 
    Source Clock Delay      (SCD):    0.973ns
    Clock Pessimism Removal (CPR):    0.000ns
  Clock Uncertainty:      0.035ns  ((TSJ^2 + TIJ^2)^1/2 + DJ) / 2 + PE
    Total System Jitter     (TSJ):    0.071ns
    Total Input Jitter      (TIJ):    0.000ns
    Discrete Jitter          (DJ):    0.000ns
    Phase Error              (PE):    0.000ns

    Location             Delay type                Incr(ns)  Path(ns)    Netlist Resource(s)
  -------------------------------------------------------------------    -------------------
                         (clock clk rise edge)        0.000     0.000 r  
                                                      0.000     0.000 r  clk (IN)
                         net (fo=3879, unset)         0.973     0.973    u_npu/clk
                         FDRE                                         r  u_npu/t_reg[1]_rep/C
  -------------------------------------------------------------------    -------------------
                         FDRE (Prop_fdre_C_Q)         0.518     1.491 r  u_npu/t_reg[1]_rep/Q
                         net (fo=118, unplaced)       0.845     2.336    u_npu/u_array/gen_row[15].gen_col[0].u_pe/t_reg[5][0]
                         LUT4 (Prop_lut4_I1_O)        0.295     2.631 r  u_npu/u_array/gen_row[15].gen_col[0].u_pe/t[7]_i_2/O
                         net (fo=7, unplaced)         0.484     3.115    u_npu/u_array/gen_row[15].gen_col[0].u_pe/t_reg[3]
                         LUT6 (Prop_lut6_I3_O)        0.124     3.239 r  u_npu/u_array/gen_row[15].gen_col[0].u_pe/b_r[7]_i_10__13/O
                         net (fo=1, unplaced)         0.473     3.712    u_npu/u_array/gen_row[15].gen_col[0].u_pe/b_r[7]_i_10__13_n_0
                         CARRY4 (Prop_carry4_DI[3]_CO[3])
                                                      0.396     4.108 r  u_npu/u_array/gen_row[15].gen_col[0].u_pe/b_r_reg[7]_i_6/CO[3]
                         net (fo=1, unplaced)         0.009     4.117    u_npu/u_array/gen_row[15].gen_col[0].u_pe/b_r_reg[7]_i_6_n_0
                         CARRY4 (Prop_carry4_CI_CO[1])
                                                      0.179     4.296 r  u_npu/u_array/gen_row[15].gen_col[0].u_pe/b_r_reg[7]_i_4__3/CO[1]
                         net (fo=1, unplaced)         0.312     4.608    u_npu/u_array/gen_row[15].gen_col[0].u_pe/a_west285_in
                         LUT3 (Prop_lut3_I2_O)        0.332     4.940 r  u_npu/u_array/gen_row[15].gen_col[0].u_pe/b_r[7]_i_2__5/O
                         net (fo=56, unplaced)        0.534     5.474    u_npu/u_array/gen_row[15].gen_col[0].u_pe/a_west186_out
                         LUT2 (Prop_lut2_I0_O)        0.116     5.590 r  u_npu/u_array/gen_row[15].gen_col[0].u_pe/p1__0_carry_i_8__33/O
                         net (fo=10, unplaced)        0.945     6.535    u_npu/u_array/gen_row[14].gen_col[0].u_pe/a_west[2]
                         LUT6 (Prop_lut6_I1_O)        0.124     6.659 r  u_npu/u_array/gen_row[14].gen_col[0].u_pe/p1__0_carry__0_i_3__19/O
                         net (fo=2, unplaced)         0.650     7.309    u_npu/u_array/gen_row[15].gen_col[0].u_pe/p1__86_carry_i_8__19_0[1]
                         CARRY4 (Prop_carry4_DI[1]_O[3])
                                                      0.629     7.938 r  u_npu/u_array/gen_row[15].gen_col[0].u_pe/p1__0_carry__0/O[3]
                         net (fo=2, unplaced)         0.629     8.567    u_npu/u_array/gen_row[15].gen_col[0].u_pe/p1__0_carry__0_n_4
                         LUT3 (Prop_lut3_I2_O)        0.302     8.869 r  u_npu/u_array/gen_row[15].gen_col[0].u_pe/p1__86_carry__0_i_4__19/O
                         net (fo=2, unplaced)         0.485     9.354    u_npu/u_array/gen_row[15].gen_col[0].u_pe/p1__86_carry__0_i_4__19_n_0
                         LUT4 (Prop_lut4_I3_O)        0.355     9.709 r  u_npu/u_array/gen_row[15].gen_col[0].u_pe/p1__86_carry__0_i_8__19/O
                         net (fo=1, unplaced)         0.000     9.709    u_npu/u_array/gen_row[15].gen_col[0].u_pe/p1__86_carry__0_i_8__19_n_0
                         CARRY4 (Prop_carry4_S[0]_CO[3])
                                                      0.513    10.222 r  u_npu/u_array/gen_row[15].gen_col[0].u_pe/p1__86_carry__0/CO[3]
                         net (fo=1, unplaced)         0.000    10.222    u_npu/u_array/gen_row[15].gen_col[0].u_pe/p1__86_carry__0_n_0
                         CARRY4 (Prop_carry4_CI_O[3])
                                                      0.331    10.553 r  u_npu/u_array/gen_row[15].gen_col[0].u_pe/p1__86_carry__1/O[3]
                         net (fo=33, unplaced)        0.690    11.243    u_npu/u_array/gen_row[14].gen_col[0].u_pe/p_reg[15]_6[3]
                         LUT2 (Prop_lut2_I0_O)        0.307    11.550 r  u_npu/u_array/gen_row[14].gen_col[0].u_pe/p[16]_i_4__19/O
                         net (fo=1, unplaced)         0.000    11.550    u_npu/u_array/gen_row[14].gen_col[0].u_pe/p[16]_i_4__19_n_0
                         CARRY4 (Prop_carry4_S[1]_CO[3])
                                                      0.533    12.083 r  u_npu/u_array/gen_row[14].gen_col[0].u_pe/p_reg[16]_i_1__19/CO[3]
                         net (fo=1, unplaced)         0.000    12.083    u_npu/u_array/gen_row[14].gen_col[0].u_pe/p_reg[16]_i_1__19_n_0
                         CARRY4 (Prop_carry4_CI_CO[3])
                                                      0.117    12.200 r  u_npu/u_array/gen_row[14].gen_col[0].u_pe/p_reg[20]_i_1__19/CO[3]
                         net (fo=1, unplaced)         0.000    12.200    u_npu/u_array/gen_row[14].gen_col[0].u_pe/p_reg[20]_i_1__19_n_0
                         CARRY4 (Prop_carry4_CI_O[2])
                                                      0.256    12.456 r  u_npu/u_array/gen_row[14].gen_col[0].u_pe/p_reg[24]_i_1__19/O[2]
                         net (fo=1, unplaced)         0.000    12.456    u_npu/u_array/gen_row[15].gen_col[0].u_pe/p_reg[27]_1[2]
                         FDRE                                         r  u_npu/u_array/gen_row[15].gen_col[0].u_pe/p_reg[26]/D
  -------------------------------------------------------------------    -------------------

                         (clock clk rise edge)       20.000    20.000 r  
                                                      0.000    20.000 r  clk (IN)
                         net (fo=3879, unset)         0.924    20.924    u_npu/u_array/gen_row[15].gen_col[0].u_pe/clk
                         FDRE                                         r  u_npu/u_array/gen_row[15].gen_col[0].u_pe/p_reg[26]/C
                         clock pessimism              0.000    20.924    
                         clock uncertainty           -0.035    20.889    
                         FDRE (Setup_fdre_C_D)        0.109    20.998    u_npu/u_array/gen_row[15].gen_col[0].u_pe/p_reg[26]
  -------------------------------------------------------------------
                         required time                         20.998    
                         arrival time                         -12.456    
  -------------------------------------------------------------------
                         slack                                  8.542    

Slack (MET) :             8.566ns  (required time - arrival time)
  Source:                 u_npu/t_reg[1]_rep/C
                            (rising edge-triggered cell FDRE clocked by clk  {rise@0.000ns fall@10.000ns period=20.000ns})
  Destination:            u_npu/u_array/gen_row[15].gen_col[0].u_pe/p_reg[24]/D
                            (rising edge-triggered cell FDRE clocked by clk  {rise@0.000ns fall@10.000ns period=20.000ns})
  Path Group:             clk
  Path Type:              Setup (Max at Slow Process Corner)
  Requirement:            20.000ns  (clk rise@20.000ns - clk rise@0.000ns)
  Data Path Delay:        11.459ns  (logic 5.403ns (47.151%)  route 6.056ns (52.849%))
  Logic Levels:           16  (CARRY4=8 LUT2=2 LUT3=2 LUT4=2 LUT6=2)
  Clock Path Skew:        -0.049ns (DCD - SCD + CPR)
    Destination Clock Delay (DCD):    0.924ns = ( 20.924 - 20.000 ) 
    Source Clock Delay      (SCD):    0.973ns
    Clock Pessimism Removal (CPR):    0.000ns
  Clock Uncertainty:      0.035ns  ((TSJ^2 + TIJ^2)^1/2 + DJ) / 2 + PE
    Total System Jitter     (TSJ):    0.071ns
    Total Input Jitter      (TIJ):    0.000ns
    Discrete Jitter          (DJ):    0.000ns
    Phase Error              (PE):    0.000ns

    Location             Delay type                Incr(ns)  Path(ns)    Netlist Resource(s)
  -------------------------------------------------------------------    -------------------
                         (clock clk rise edge)        0.000     0.000 r  
                                                      0.000     0.000 r  clk (IN)
                         net (fo=3879, unset)         0.973     0.973    u_npu/clk
                         FDRE                                         r  u_npu/t_reg[1]_rep/C
  -------------------------------------------------------------------    -------------------
                         FDRE (Prop_fdre_C_Q)         0.518     1.491 r  u_npu/t_reg[1]_rep/Q
                         net (fo=118, unplaced)       0.845     2.336    u_npu/u_array/gen_row[15].gen_col[0].u_pe/t_reg[5][0]
                         LUT4 (Prop_lut4_I1_O)        0.295     2.631 r  u_npu/u_array/gen_row[15].gen_col[0].u_pe/t[7]_i_2/O
                         net (fo=7, unplaced)         0.484     3.115    u_npu/u_array/gen_row[15].gen_col[0].u_pe/t_reg[3]
                         LUT6 (Prop_lut6_I3_O)        0.124     3.239 r  u_npu/u_array/gen_row[15].gen_col[0].u_pe/b_r[7]_i_10__13/O
                         net (fo=1, unplaced)         0.473     3.712    u_npu/u_array/gen_row[15].gen_col[0].u_pe/b_r[7]_i_10__13_n_0
                         CARRY4 (Prop_carry4_DI[3]_CO[3])
                                                      0.396     4.108 r  u_npu/u_array/gen_row[15].gen_col[0].u_pe/b_r_reg[7]_i_6/CO[3]
                         net (fo=1, unplaced)         0.009     4.117    u_npu/u_array/gen_row[15].gen_col[0].u_pe/b_r_reg[7]_i_6_n_0
                         CARRY4 (Prop_carry4_CI_CO[1])
                                                      0.179     4.296 r  u_npu/u_array/gen_row[15].gen_col[0].u_pe/b_r_reg[7]_i_4__3/CO[1]
                         net (fo=1, unplaced)         0.312     4.608    u_npu/u_array/gen_row[15].gen_col[0].u_pe/a_west285_in
                         LUT3 (Prop_lut3_I2_O)        0.332     4.940 r  u_npu/u_array/gen_row[15].gen_col[0].u_pe/b_r[7]_i_2__5/O
                         net (fo=56, unplaced)        0.534     5.474    u_npu/u_array/gen_row[15].gen_col[0].u_pe/a_west186_out
                         LUT2 (Prop_lut2_I0_O)        0.116     5.590 r  u_npu/u_array/gen_row[15].gen_col[0].u_pe/p1__0_carry_i_8__33/O
                         net (fo=10, unplaced)        0.945     6.535    u_npu/u_array/gen_row[14].gen_col[0].u_pe/a_west[2]
                         LUT6 (Prop_lut6_I1_O)        0.124     6.659 r  u_npu/u_array/gen_row[14].gen_col[0].u_pe/p1__0_carry__0_i_3__19/O
                         net (fo=2, unplaced)         0.650     7.309    u_npu/u_array/gen_row[15].gen_col[0].u_pe/p1__86_carry_i_8__19_0[1]
                         CARRY4 (Prop_carry4_DI[1]_O[3])
                                                      0.629     7.938 r  u_npu/u_array/gen_row[15].gen_col[0].u_pe/p1__0_carry__0/O[3]
                         net (fo=2, unplaced)         0.629     8.567    u_npu/u_array/gen_row[15].gen_col[0].u_pe/p1__0_carry__0_n_4
                         LUT3 (Prop_lut3_I2_O)        0.302     8.869 r  u_npu/u_array/gen_row[15].gen_col[0].u_pe/p1__86_carry__0_i_4__19/O
                         net (fo=2, unplaced)         0.485     9.354    u_npu/u_array/gen_row[15].gen_col[0].u_pe/p1__86_carry__0_i_4__19_n_0
                         LUT4 (Prop_lut4_I3_O)        0.355     9.709 r  u_npu/u_array/gen_row[15].gen_col[0].u_pe/p1__86_carry__0_i_8__19/O
                         net (fo=1, unplaced)         0.000     9.709    u_npu/u_array/gen_row[15].gen_col[0].u_pe/p1__86_carry__0_i_8__19_n_0
                         CARRY4 (Prop_carry4_S[0]_CO[3])
                                                      0.513    10.222 r  u_npu/u_array/gen_row[15].gen_col[0].u_pe/p1__86_carry__0/CO[3]
                         net (fo=1, unplaced)         0.000    10.222    u_npu/u_array/gen_row[15].gen_col[0].u_pe/p1__86_carry__0_n_0
                         CARRY4 (Prop_carry4_CI_O[3])
                                                      0.331    10.553 r  u_npu/u_array/gen_row[15].gen_col[0].u_pe/p1__86_carry__1/O[3]
                         net (fo=33, unplaced)        0.690    11.243    u_npu/u_array/gen_row[14].gen_col[0].u_pe/p_reg[15]_6[3]
                         LUT2 (Prop_lut2_I0_O)        0.307    11.550 r  u_npu/u_array/gen_row[14].gen_col[0].u_pe/p[16]_i_4__19/O
                         net (fo=1, unplaced)         0.000    11.550    u_npu/u_array/gen_row[14].gen_col[0].u_pe/p[16]_i_4__19_n_0
                         CARRY4 (Prop_carry4_S[1]_CO[3])
                                                      0.533    12.083 r  u_npu/u_array/gen_row[14].gen_col[0].u_pe/p_reg[16]_i_1__19/CO[3]
                         net (fo=1, unplaced)         0.000    12.083    u_npu/u_array/gen_row[14].gen_col[0].u_pe/p_reg[16]_i_1__19_n_0
                         CARRY4 (Prop_carry4_CI_CO[3])
                                                      0.117    12.200 r  u_npu/u_array/gen_row[14].gen_col[0].u_pe/p_reg[20]_i_1__19/CO[3]
                         net (fo=1, unplaced)         0.000    12.200    u_npu/u_array/gen_row[14].gen_col[0].u_pe/p_reg[20]_i_1__19_n_0
                         CARRY4 (Prop_carry4_CI_O[0])
                                                      0.232    12.432 r  u_npu/u_array/gen_row[14].gen_col[0].u_pe/p_reg[24]_i_1__19/O[0]
                         net (fo=1, unplaced)         0.000    12.432    u_npu/u_array/gen_row[15].gen_col[0].u_pe/p_reg[27]_1[0]
                         FDRE                                         r  u_npu/u_array/gen_row[15].gen_col[0].u_pe/p_reg[24]/D
  -------------------------------------------------------------------    -------------------

                         (clock clk rise edge)       20.000    20.000 r  
                                                      0.000    20.000 r  clk (IN)
                         net (fo=3879, unset)         0.924    20.924    u_npu/u_array/gen_row[15].gen_col[0].u_pe/clk
                         FDRE                                         r  u_npu/u_array/gen_row[15].gen_col[0].u_pe/p_reg[24]/C
                         clock pessimism              0.000    20.924    
                         clock uncertainty           -0.035    20.889    
                         FDRE (Setup_fdre_C_D)        0.109    20.998    u_npu/u_array/gen_row[15].gen_col[0].u_pe/p_reg[24]
  -------------------------------------------------------------------
                         required time                         20.998    
                         arrival time                         -12.432    
  -------------------------------------------------------------------
                         slack                                  8.566    





Pulse Width Checks
--------------------------------------------------------------------------------------
Clock Name:         clk
Waveform(ns):       { 0.000 10.000 }
Period(ns):         20.000
Sources:            { clk }

Check Type        Corner  Lib Pin      Reference Pin  Required(ns)  Actual(ns)  Slack(ns)  Location  Pin
Min Period        n/a     DSP48E1/CLK  n/a            3.884         20.000      16.116               u_npu/u_array/gen_row[0].gen_col[10].u_pe/p_reg/CLK
Min Period        n/a     DSP48E1/CLK  n/a            3.884         20.000      16.116               u_npu/u_array/gen_row[0].gen_col[11].u_pe/p_reg/CLK
Min Period        n/a     DSP48E1/CLK  n/a            3.884         20.000      16.116               u_npu/u_array/gen_row[0].gen_col[12].u_pe/p_reg/CLK
Min Period        n/a     DSP48E1/CLK  n/a            3.884         20.000      16.116               u_npu/u_array/gen_row[0].gen_col[13].u_pe/p_reg/CLK
Min Period        n/a     DSP48E1/CLK  n/a            3.884         20.000      16.116               u_npu/u_array/gen_row[0].gen_col[14].u_pe/p_reg/CLK
Min Period        n/a     DSP48E1/CLK  n/a            3.884         20.000      16.116               u_npu/u_array/gen_row[0].gen_col[15].u_pe/p_reg/CLK
Min Period        n/a     DSP48E1/CLK  n/a            3.884         20.000      16.116               u_npu/u_array/gen_row[0].gen_col[1].u_pe/p_reg/CLK
Min Period        n/a     DSP48E1/CLK  n/a            3.884         20.000      16.116               u_npu/u_array/gen_row[0].gen_col[2].u_pe/p_reg/CLK
Low Pulse Width   Slow    RAMD64E/CLK  n/a            1.250         10.000      8.750                u_npu/gen_bank[0].amem_reg[0][0]_0_63_0_2/RAMA/CLK
Low Pulse Width   Fast    RAMD64E/CLK  n/a            1.250         10.000      8.750                u_npu/gen_bank[0].amem_reg[0][0]_0_63_0_2/RAMA/CLK
Low Pulse Width   Slow    RAMD64E/CLK  n/a            1.250         10.000      8.750                u_npu/gen_bank[0].amem_reg[0][0]_0_63_0_2/RAMB/CLK
Low Pulse Width   Fast    RAMD64E/CLK  n/a            1.250         10.000      8.750                u_npu/gen_bank[0].amem_reg[0][0]_0_63_0_2/RAMB/CLK
Low Pulse Width   Slow    RAMD64E/CLK  n/a            1.250         10.000      8.750                u_npu/gen_bank[0].amem_reg[0][0]_0_63_0_2/RAMC/CLK
Low Pulse Width   Fast    RAMD64E/CLK  n/a            1.250         10.000      8.750                u_npu/gen_bank[0].amem_reg[0][0]_0_63_0_2/RAMC/CLK
Low Pulse Width   Slow    RAMD64E/CLK  n/a            1.250         10.000      8.750                u_npu/gen_bank[0].amem_reg[0][0]_0_63_0_2/RAMD/CLK
Low Pulse Width   Fast    RAMD64E/CLK  n/a            1.250         10.000      8.750                u_npu/gen_bank[0].amem_reg[0][0]_0_63_0_2/RAMD/CLK
High Pulse Width  Slow    RAMD64E/CLK  n/a            1.250         10.000      8.750                u_npu/gen_bank[0].amem_reg[0][0]_0_63_0_2/RAMA/CLK
High Pulse Width  Fast    RAMD64E/CLK  n/a            1.250         10.000      8.750                u_npu/gen_bank[0].amem_reg[0][0]_0_63_0_2/RAMA/CLK
High Pulse Width  Slow    RAMD64E/CLK  n/a            1.250         10.000      8.750                u_npu/gen_bank[0].amem_reg[0][0]_0_63_0_2/RAMB/CLK
High Pulse Width  Fast    RAMD64E/CLK  n/a            1.250         10.000      8.750                u_npu/gen_bank[0].amem_reg[0][0]_0_63_0_2/RAMB/CLK
High Pulse Width  Slow    RAMD64E/CLK  n/a            1.250         10.000      8.750                u_npu/gen_bank[0].amem_reg[0][0]_0_63_0_2/RAMC/CLK
High Pulse Width  Fast    RAMD64E/CLK  n/a            1.250         10.000      8.750                u_npu/gen_bank[0].amem_reg[0][0]_0_63_0_2/RAMC/CLK
High Pulse Width  Slow    RAMD64E/CLK  n/a            1.250         10.000      8.750                u_npu/gen_bank[0].amem_reg[0][0]_0_63_0_2/RAMD/CLK
High Pulse Width  Fast    RAMD64E/CLK  n/a            1.250         10.000      8.750                u_npu/gen_bank[0].amem_reg[0][0]_0_63_0_2/RAMD/CLK



